
> ai-workshop@0.1.0 build
> next build

   ▲ Next.js 15.4.7

   Creating an optimized production build ...
 ✓ Compiled successfully in 9.0s
   Linting and checking validity of types ...
   Collecting page data ...
   Generating static pages (0/36) ...
   Generating static pages (9/36) 
   Generating static pages (18/36) 
   Generating static pages (27/36) 
 ✓ Generating static pages (36/36)
   Finalizing page optimization ...
   Collecting build traces ...

Route (app)                                 Size  First Load JS  Revalidate  Expire
┌ ○ /                                    4.44 kB         104 kB          1h      1y
├ ○ /_not-found                            988 B         101 kB
├ ○ /company                             2.92 kB         106 kB          1h      1y
├ ○ /components-demo                     5.88 kB         109 kB          1h      1y
├ ○ /models                                915 B         104 kB          1h      1y
├ ○ /products                            5.33 kB         114 kB          1h      1y
├ ○ /robots.txt                            144 B        99.9 kB
├ ○ /sitemap.xml                           144 B        99.9 kB
├ ○ /technology                            162 B         103 kB          1h      1y
├ ○ /tools                               9.62 kB         118 kB          1h      1y
└ ● /tools/[id]                            919 B         104 kB          1h      1y
    ├ /tools/background-replace                                          1h      1y
    ├ /tools/product-image                                               1h      1y
    ├ /tools/text-generation                                             1h      1y
    └ [+20 more paths]
+ First Load JS shared by all            99.7 kB
  ├ chunks/4bd1b696-cf72ae8a39fa05aa.js  54.1 kB
  ├ chunks/964-4542b6435bd81c5b.js       43.5 kB
  └ other shared chunks (total)          2.05 kB


○  (Static)  prerendered as static content
●  (SSG)     prerendered as static HTML (uses generateStaticParams)

